
> build
> npm run build --workspace frontend


> astflow-frontend@0.1.0 build
> tsc -b && vite build

[36mvite v7.3.6 [32mbuilding client environment for production...[36m[39m
transforming...
[32m✓[39m 2944 modules transformed.
rendering chunks...
computing gzip size...
[2mdist/[22m[32mindex.html                        [39m[1m[2m    0.75 kB[22m[1m[22m[2m │ gzip:   0.49 kB[22m
[2mdist/[22m[32massets/codicon-ngg6Pgfi.ttf       [39m[1m[2m  121.97 kB[22m[1m[22m
[2mdist/[22m[32massets/editor.worker-CdQrwHl8.js  [39m[1m[2m  251.81 kB[22m[1m[22m
[2mdist/[22m[35massets/TraceGraph-BnuhLJ6X.css    [39m[1m[2m   15.87 kB[22m[1m[22m[2m │ gzip:   2.67 kB[22m
[2mdist/[22m[35massets/index-pwbUVyDo.css         [39m[1m[2m   19.26 kB[22m[1m[22m[2m │ gzip:   5.09 kB[22m
[2mdist/[22m[35massets/SourceViewer-WGlpN-0L.css  [39m[1m[2m  146.36 kB[22m[1m[22m[2m │ gzip:  23.09 kB[22m
[2mdist/[22m[36massets/javascript-WAwqhO04.js     [39m[1m[2m    4.88 kB[22m[1m[22m[2m │ gzip:   1.89 kB[22m
[2mdist/[22m[36massets/TraceGraph-CEpK9NjM.js     [39m[1m[2m  187.06 kB[22m[1m[22m[2m │ gzip:  61.54 kB[22m
[2mdist/[22m[36massets/index-BPM6ULkq.js          [39m[1m[2m  259.51 kB[22m[1m[22m[2m │ gzip:  81.26 kB[22m
[2mdist/[22m[36massets/SourceViewer-bjYqcLPJ.js   [39m[1m[33m3,689.22 kB[39m[22m[2m │ gzip: 953.48 kB[22m
[33m
(!) Some chunks are larger than 3500 kB after minification. Consider:
- Using dynamic import() to code-split the application
- Use build.rollupOptions.output.manualChunks to improve chunking: https://rollupjs.org/configuration-options/#output-manualchunks
- Adjust chunk size limit for this warning via build.chunkSizeWarningLimit.[39m
[32m✓ built in 11.16s[39m
