
Running 28 tests using 1 worker

  ok  1 frontend\e2e\a11y.spec.ts:13:3 › desktop: code, answer, map, compare and dialog have no serious/critical violations (8.5s)
  ok  2 frontend\e2e\a11y.spec.ts:13:3 › mobile: code, answer, map, compare and dialog have no serious/critical violations (6.9s)
  ok  3 frontend\e2e\audit.spec.ts:6:1 › positive sequence evidence opens real fixture source (1.9s)
  ok  4 frontend\e2e\audit.spec.ts:23:1 › history restores comparison snapshots and source shortcuts remain functional (2.7s)
  ok  5 frontend\e2e\audit.spec.ts:53:1 › filter, clipboard, fullscreen, refinement setting and sequence evidence (1.6s)
  ok  6 frontend\e2e\audit.spec.ts:76:1 › startup selects the indexed commit when working tree is not indexed (1.2s)
  ok  7 frontend\e2e\audit.spec.ts:88:2 › layout small: stable under reversed traversal, no node overlap (12ms)
  ok  8 frontend\e2e\audit.spec.ts:88:2 › layout medium: stable under reversed traversal, no node overlap (24ms)
  ok  9 frontend\e2e\audit.spec.ts:88:2 › layout large: stable under reversed traversal, no node overlap (336ms)
  ok 10 frontend\e2e\audit.spec.ts:88:2 › layout dense: stable under reversed traversal, no node overlap (11ms)
  ok 11 frontend\e2e\audit.spec.ts:88:2 › layout disconnected: stable under reversed traversal, no node overlap (15ms)
  ok 12 frontend\e2e\audit.spec.ts:89:1 › neighborhood respects incoming/outgoing/depth (1ms)
  ok 13 frontend\e2e\audit.spec.ts:90:1 › real graph node search, neighborhood selection and source navigation (2.0s)
  ok 14 frontend\e2e\audit.spec.ts:91:1 › API network failure, malformed reply, empty search and recovery (1.5s)
  ok 15 frontend\e2e\journeys.spec.ts:20:1 › usage question ranks the caller first and opens its exact lines (1.5s)
  ok 16 frontend\e2e\journeys.spec.ts:31:1 › path question shows its observable second retrieval pass (1.6s)
  ok 17 frontend\e2e\journeys.spec.ts:43:1 › a question with no keyword evidence is not presented as the relevant code (1.3s)
  ok 18 frontend\e2e\journeys.spec.ts:50:1 › trace a path on a phone-sized screen without horizontal overflow (1.6s)
  ok 19 frontend\e2e\journeys.spec.ts:61:1 › repository dialog indexes the demo working tree and returns to live source (3.3s)
  ok 20 frontend\e2e\journeys.spec.ts:73:1 › switching to the v1 snapshot shows v1 source, not the working tree (1.4s)
  ok 21 frontend\e2e\studio.spec.ts:5:1 › reference shell, real file tabs, zoom and closing tabs (1.6s)
  ok 22 frontend\e2e\studio.spec.ts:15:1 › live question shows real loading, evidence and exact source (1.7s)
  ok 23 frontend\e2e\studio.spec.ts:24:1 › map file focus and trace evidence navigate to code (2.0s)
  ok 24 frontend\e2e\studio.spec.ts:30:1 › comparison displays actual before and after source (2.3s)
  ok 25 frontend\e2e\studio.spec.ts:34:1 › late search cannot overwrite a newly selected snapshot (1.3s)
  ok 26 frontend\e2e\studio.spec.ts:39:1 › mobile drawers, escape, reduced motion and no overflow (1.3s)
  ok 27 frontend\e2e\studio.spec.ts:42:1 › repository dialog traps focus and closes without losing source (1.3s)
  ok 28 frontend\e2e\studio.spec.ts:45:1 › reindex completes with a live source editor (3.1s)

  28 passed (53.4s)
