> astflow-frontend@0.1.0 build
> tsc -b && vite build

[36mvite v7.3.6 [32mbuilding client environment for production...[36m[39m
transforming...
[32m✓[39m 2944 modules transformed.
rendering chunks...
computing gzip size...
[2mdist/[22m[32mindex.html                        [39m[1m[2m    0.74 kB[22m[1m[22m[2m │ gzip:   0.49 kB[22m
[2mdist/[22m[2massets/[22m[32mcodicon-ngg6Pgfi.ttf       [39m[1m[2m  121.97 kB[22m[1m[22m
[2mdist/[22m[2massets/[22m[32meditor.worker-CdQrwHl8.js  [39m[1m[2m  251.81 kB[22m[1m[22m
[2mdist/[22m[2massets/[22m[35mTraceGraph-BnuhLJ6X.css    [39m[1m[2m   15.87 kB[22m[1m[22m[2m │ gzip:   2.67 kB[22m
[2mdist/[22m[2massets/[22m[35mindex-pwbUVyDo.css         [39m[1m[2m   19.26 kB[22m[1m[22m[2m │ gzip:   5.09 kB[22m
[2mdist/[22m[2massets/[22m[35mSourceViewer-WGlpN-0L.css  [39m[1m[2m  146.36 kB[22m[1m[22m[2m │ gzip:  23.09 kB[22m
[2mdist/[22m[2massets/[22m[36mjavascript-AEpnQAO8.js     [39m[1m[2m    4.88 kB[22m[1m[22m[2m │ gzip:   1.89 kB[22m
[2mdist/[22m[2massets/[22m[36mTraceGraph-CpY1UlfU.js     [39m[1m[2m  187.53 kB[22m[1m[22m[2m │ gzip:  61.74 kB[22m
[2mdist/[22m[2massets/[22m[36mindex-BY7eaMym.js          [39m[1m[2m  259.90 kB[22m[1m[22m[2m │ gzip:  81.42 kB[22m
[2mdist/[22m[2massets/[22m[36mSourceViewer-DLDz5buS.js   [39m[1m[33m3,689.25 kB[39m[22m[2m │ gzip: 953.49 kB[22m
[33m
(!) Some chunks are larger than 3500 kB after minification. Consider:
- Using dynamic import() to code-split the application
- Use build.rollupOptions.output.manualChunks to improve chunking: https://rollupjs.org/configuration-options/#output-manualchunks
- Adjust chunk size limit for this warning via build.chunkSizeWarningLimit.[39m
[32m✓ built in 11.29s[39m
{
  "repository": "/home/runner/work/ASTFLOW/ASTFLOW/fresh/examples/demo-repo",
  "v1": "7826d38cae72db7ba0e53a0bcc5aa339783e09f0",
  "v2": "31b94fc77db2be533d72aeaefba3e0360312663c"
}

Downloading the search model Alibaba-NLP/gte-modernbert-base (one time, about 0.6 GB; runs on CPU)…
Warning: You are sending unauthenticated requests to the HF Hub. Please set a HF_TOKEN to enable higher rate limits and faster downloads.
Loading weights:   0%|          | 0/134 [00:00<?, ?it/s]Loading weights: 100%|██████████| 134/134 [00:00<00:00, 3798.67it/s]
Writing model shards:   0%|          | 0/1 [00:00<?, ?it/s]Writing model shards: 100%|██████████| 1/1 [00:00<00:00,  9.37it/s]Writing model shards: 100%|██████████| 1/1 [00:00<00:00,  9.35it/s]
{
  "available": true,
  "model": "Alibaba-NLP/gte-modernbert-base",
  "message": "Alibaba-NLP/gte-modernbert-base loaded on CPU (float32)"
}
Setup complete. Start with npm run demo.
